// Jest Snapshot v1, https://goo.gl/fbAQLP

exports[`NextStudyButton component: Matches the snapshot 1`] = `ShallowWrapper {}`;

exports[`NextStudyButton component: matches the snapshot 1`] = `ShallowWrapper {}`;
