// Jest Snapshot v1, https://goo.gl/fbAQLP

exports[`PreviousStudyButton component: Matches the snapshot 1`] = `ShallowWrapper {}`;

exports[`PreviousStudyButton component: matches the snapshot 1`] = `ShallowWrapper {}`;
